

================================================================
== Vitis HLS Report for 'lstm_function_Pipeline_VITIS_LOOP_69_3'
================================================================
* Date:           Fri Mar 28 16:04:59 2025

* Version:        2024.2 (Build 5238294 on Nov  8 2024)
* Project:        new_hls_component
* Solution:       hls (Vivado IP Flow Target)
* Product family: kintex7
* Target device:  xc7k160t-fbg676-2L


================================================================
== Performance Estimates
================================================================
+ Timing: 
    * Summary: 
    +--------+----------+----------+------------+
    |  Clock |  Target  | Estimated| Uncertainty|
    +--------+----------+----------+------------+
    |ap_clk  |  10.00 ns|  4.532 ns|     1.00 ns|
    +--------+----------+----------+------------+

+ Latency: 
    * Summary: 
    +---------+---------+----------+----------+-----+-----+------------------------------------------------+
    |  Latency (cycles) |  Latency (absolute) |  Interval |                    Pipeline                    |
    |   min   |   max   |    min   |    max   | min | max |                      Type                      |
    +---------+---------+----------+----------+-----+-----+------------------------------------------------+
    |      202|      202|  2.020 us|  2.020 us|  201|  201|  loop auto-rewind stp (delay=0 clock cycles(s))|
    +---------+---------+----------+----------+-----+-----+------------------------------------------------+

    + Detail: 
        * Instance: 
        N/A

        * Loop: 
        +-------------------+---------+---------+----------+-----------+-----------+------+----------+
        |                   |  Latency (cycles) | Iteration|  Initiation Interval  | Trip |          |
        |     Loop Name     |   min   |   max   |  Latency |  achieved |   target  | Count| Pipelined|
        +-------------------+---------+---------+----------+-----------+-----------+------+----------+
        |- VITIS_LOOP_69_3  |      200|      200|         2|          1|          1|   200|       yes|
        +-------------------+---------+---------+----------+-----------+-----------+------+----------+



================================================================
== Utilization Estimates
================================================================
* Summary: 
+-----------------+---------+-----+--------+--------+-----+
|       Name      | BRAM_18K| DSP |   FF   |   LUT  | URAM|
+-----------------+---------+-----+--------+--------+-----+
|DSP              |        -|    -|       -|       -|    -|
|Expression       |        -|    -|       0|      32|    -|
|FIFO             |        -|    -|       -|       -|    -|
|Instance         |        -|    -|       -|       -|    -|
|Memory           |        1|    -|       0|       0|    -|
|Multiplexer      |        -|    -|       0|      36|    -|
|Register         |        -|    -|      19|       -|    -|
+-----------------+---------+-----+--------+--------+-----+
|Total            |        1|    0|      19|      68|    0|
+-----------------+---------+-----+--------+--------+-----+
|Available        |      650|  600|  202800|  101400|    0|
+-----------------+---------+-----+--------+--------+-----+
|Utilization (%)  |       ~0|    0|      ~0|      ~0|    0|
+-----------------+---------+-----+--------+--------+-----+

+ Detail: 
    * Instance: 
    N/A

    * DSP: 
    N/A

    * Memory: 
    +------------------------+-------------------------------------------------------------------------+---------+---+----+-----+------+-----+------+-------------+
    |         Memory         |                                  Module                                 | BRAM_18K| FF| LUT| URAM| Words| Bits| Banks| W*Bits*Banks|
    +------------------------+-------------------------------------------------------------------------+---------+---+----+-----+------+-----+------+-------------+
    |lstm_weights_2_txt_0_U  |lstm_function_Pipeline_VITIS_LOOP_69_3_lstm_weights_2_txt_0_ROM_AUTO_1R  |        1|  0|   0|    0|   200|   15|     1|         3000|
    +------------------------+-------------------------------------------------------------------------+---------+---+----+-----+------+-----+------+-------------+
    |Total                   |                                                                         |        1|  0|   0|    0|   200|   15|     1|         3000|
    +------------------------+-------------------------------------------------------------------------+---------+---+----+-----+------+-----+------+-------------+

    * FIFO: 
    N/A

    * Expression: 
    +--------------------+----------+----+---+----+------------+------------+
    |    Variable Name   | Operation| DSP| FF| LUT| Bitwidth P0| Bitwidth P1|
    +--------------------+----------+----+---+----+------------+------------+
    |add_ln69_fu_74_p2   |         +|   0|  0|  15|           8|           1|
    |icmp_ln69_fu_68_p2  |      icmp|   0|  0|  15|           8|           7|
    |ap_enable_pp0       |       xor|   0|  0|   2|           1|           2|
    +--------------------+----------+----+---+----+------------+------------+
    |Total               |          |   0|  0|  32|          17|          10|
    +--------------------+----------+----+---+----+------------+------------+

    * Multiplexer: 
    +-------------------------+----+-----------+-----+-----------+
    |           Name          | LUT| Input Size| Bits| Total Bits|
    +-------------------------+----+-----------+-----+-----------+
    |ap_done_int              |   9|          2|    1|          2|
    |ap_enable_reg_pp0_iter1  |   9|          2|    1|          2|
    |ap_sig_allocacmp_j_2     |   9|          2|    8|         16|
    |j_fu_30                  |   9|          2|    8|         16|
    +-------------------------+----+-----------+-----+-----------+
    |Total                    |  36|          8|   18|         36|
    +-------------------------+----+-----------+-----+-----------+

    * Register: 
    +-------------------------+---+----+-----+-----------+
    |           Name          | FF| LUT| Bits| Const Bits|
    +-------------------------+---+----+-----+-----------+
    |ap_CS_fsm                |  1|   0|    1|          0|
    |ap_done_reg              |  1|   0|    1|          0|
    |ap_enable_reg_pp0_iter1  |  1|   0|    1|          0|
    |j_fu_30                  |  8|   0|    8|          0|
    |zext_ln69_reg_105        |  8|   0|   64|         56|
    +-------------------------+---+----+-----+-----------+
    |Total                    | 19|   0|   75|         56|
    +-------------------------+---+----+-----+-----------+



================================================================
== Interface
================================================================
* Summary: 
+---------------------+-----+-----+------------+----------------------------------------+--------------+
|      RTL Ports      | Dir | Bits|  Protocol  |              Source Object             |    C Type    |
+---------------------+-----+-----+------------+----------------------------------------+--------------+
|ap_clk               |   in|    1|  ap_ctrl_hs|  lstm_function_Pipeline_VITIS_LOOP_69_3|  return value|
|ap_rst               |   in|    1|  ap_ctrl_hs|  lstm_function_Pipeline_VITIS_LOOP_69_3|  return value|
|ap_start             |   in|    1|  ap_ctrl_hs|  lstm_function_Pipeline_VITIS_LOOP_69_3|  return value|
|ap_done              |  out|    1|  ap_ctrl_hs|  lstm_function_Pipeline_VITIS_LOOP_69_3|  return value|
|ap_idle              |  out|    1|  ap_ctrl_hs|  lstm_function_Pipeline_VITIS_LOOP_69_3|  return value|
|ap_ready             |  out|    1|  ap_ctrl_hs|  lstm_function_Pipeline_VITIS_LOOP_69_3|  return value|
|matrix_row_address0  |  out|    8|   ap_memory|                              matrix_row|         array|
|matrix_row_ce0       |  out|    1|   ap_memory|                              matrix_row|         array|
|matrix_row_we0       |  out|    1|   ap_memory|                              matrix_row|         array|
|matrix_row_d0        |  out|   16|   ap_memory|                              matrix_row|         array|
+---------------------+-----+-----+------------+----------------------------------------+--------------+

