

================================================================
== Vitis HLS Report for 'lstm_function_Pipeline_VITIS_LOOP_93_5'
================================================================
* Date:           Fri Mar 28 16:05:10 2025

* Version:        2024.2 (Build 5238294 on Nov  8 2024)
* Project:        new_hls_component
* Solution:       hls (Vivado IP Flow Target)
* Product family: kintex7
* Target device:  xc7k160t-fbg676-2L


================================================================
== Performance Estimates
================================================================
+ Timing: 
    * Summary: 
    +--------+----------+----------+------------+
    |  Clock |  Target  | Estimated| Uncertainty|
    +--------+----------+----------+------------+
    |ap_clk  |  10.00 ns|  9.000 ns|     1.00 ns|
    +--------+----------+----------+------------+

+ Latency: 
    * Summary: 
    +---------+---------+----------+----------+-----+-----+------------------------------------------------+
    |  Latency (cycles) |  Latency (absolute) |  Interval |                    Pipeline                    |
    |   min   |   max   |    min   |    max   | min | max |                      Type                      |
    +---------+---------+----------+----------+-----+-----+------------------------------------------------+
    |       16|      206|  0.160 us|  2.060 us|   11|  201|  loop auto-rewind stp (delay=0 clock cycles(s))|
    +---------+---------+----------+----------+-----+-----+------------------------------------------------+

    + Detail: 
        * Instance: 
        N/A

        * Loop: 
        +-------------------+---------+---------+----------+-----------+-----------+----------+----------+
        |                   |  Latency (cycles) | Iteration|  Initiation Interval  |   Trip   |          |
        |     Loop Name     |   min   |   max   |  Latency |  achieved |   target  |   Count  | Pipelined|
        +-------------------+---------+---------+----------+-----------+-----------+----------+----------+
        |- VITIS_LOOP_93_5  |       14|      204|         6|          1|          1|  10 ~ 200|       yes|
        +-------------------+---------+---------+----------+-----------+-----------+----------+----------+



================================================================
== Utilization Estimates
================================================================
* Summary: 
+-----------------+---------+-----+--------+--------+-----+
|       Name      | BRAM_18K| DSP |   FF   |   LUT  | URAM|
+-----------------+---------+-----+--------+--------+-----+
|DSP              |        -|    1|       -|       -|    -|
|Expression       |        -|    -|       0|      34|    -|
|FIFO             |        -|    -|       -|       -|    -|
|Instance         |        -|    -|       0|    1060|    -|
|Memory           |        -|    -|       -|       -|    -|
|Multiplexer      |        -|    -|       0|      63|    -|
|Register         |        -|    -|     149|      32|    -|
+-----------------+---------+-----+--------+--------+-----+
|Total            |        0|    1|     149|    1189|    0|
+-----------------+---------+-----+--------+--------+-----+
|Available        |      650|  600|  202800|  101400|    0|
+-----------------+---------+-----+--------+--------+-----+
|Utilization (%)  |        0|   ~0|      ~0|       1|    0|
+-----------------+---------+-----+--------+--------+-----+

+ Detail: 
    * Instance: 
    +-----------------------------+------------------------+---------+----+---+------+-----+
    |           Instance          |         Module         | BRAM_18K| DSP| FF|  LUT | URAM|
    +-----------------------------+------------------------+---------+----+---+------+-----+
    |sparsemux_401_8_16_1_1_U213  |sparsemux_401_8_16_1_1  |        0|   0|  0|  1060|    0|
    +-----------------------------+------------------------+---------+----+---+------+-----+
    |Total                        |                        |        0|   0|  0|  1060|    0|
    +-----------------------------+------------------------+---------+----+---+------+-----+

    * DSP: 
    +-------------------------------------+--------------------------------+--------------+
    |               Instance              |             Module             |  Expression  |
    +-------------------------------------+--------------------------------+--------------+
    |mac_muladd_16s_16s_24ns_24_4_1_U214  |mac_muladd_16s_16s_24ns_24_4_1  |  i0 + i1 * i2|
    +-------------------------------------+--------------------------------+--------------+

    * Memory: 
    N/A

    * FIFO: 
    N/A

    * Expression: 
    +---------------------------+----------+----+---+----+------------+------------+
    |       Variable Name       | Operation| DSP| FF| LUT| Bitwidth P0| Bitwidth P1|
    +---------------------------+----------+----+---+----+------------+------------+
    |add_ln93_fu_2125_p2        |         +|   0|  0|  15|           8|           1|
    |ap_block_pp0_stage0_11001  |       and|   0|  0|   2|           1|           1|
    |icmp_ln93_fu_2119_p2       |      icmp|   0|  0|  15|           8|           8|
    |ap_enable_pp0              |       xor|   0|  0|   2|           1|           2|
    +---------------------------+----------+----+---+----+------------+------------+
    |Total                      |          |   0|  0|  34|          18|          12|
    +---------------------------+----------+----+---+----+------------+------------+

    * Multiplexer: 
    +----------------------------+----+-----------+-----+-----------+
    |            Name            | LUT| Input Size| Bits| Total Bits|
    +----------------------------+----+-----------+-----+-----------+
    |ap_done_int                 |   9|          2|    1|          2|
    |ap_enable_reg_pp0_iter1     |   9|          2|    1|          2|
    |ap_sig_allocacmp_j_1        |   9|          2|    8|         16|
    |ap_sig_allocacmp_p_load205  |   9|          2|   16|         32|
    |empty_fu_866                |   9|          2|   16|         32|
    |gmem_blk_n_R                |   9|          2|    1|          2|
    |j_fu_870                    |   9|          2|    8|         16|
    +----------------------------+----+-----------+-----+-----------+
    |Total                       |  63|         14|   51|        102|
    +----------------------------+----+-----------+-----+-----------+

    * Register: 
    +-------------------------------------------+----+----+-----+-----------+
    |                    Name                   | FF | LUT| Bits| Const Bits|
    +-------------------------------------------+----+----+-----+-----------+
    |ap_CS_fsm                                  |   1|   0|    1|          0|
    |ap_block_pp0_stage0_subdone_grp0_done_reg  |   1|   0|    1|          0|
    |ap_done_reg                                |   1|   0|    1|          0|
    |ap_enable_reg_pp0_iter1                    |   1|   0|    1|          0|
    |ap_enable_reg_pp0_iter2                    |   1|   0|    1|          0|
    |ap_enable_reg_pp0_iter3                    |   1|   0|    1|          0|
    |ap_enable_reg_pp0_iter4                    |   1|   0|    1|          0|
    |ap_enable_reg_pp0_iter5                    |   1|   0|    1|          0|
    |ap_loop_exit_ready_pp0_iter1_reg           |   1|   0|    1|          0|
    |ap_loop_exit_ready_pp0_iter2_reg           |   1|   0|    1|          0|
    |ap_loop_exit_ready_pp0_iter3_reg           |   1|   0|    1|          0|
    |ap_loop_exit_ready_pp0_iter4_reg           |   1|   0|    1|          0|
    |empty_fu_866                               |  16|   0|   16|          0|
    |gmem_addr_read_reg_3023                    |  16|   0|   16|          0|
    |icmp_ln93_reg_3014                         |   1|   0|    1|          0|
    |j_fu_870                                   |   8|   0|    8|          0|
    |tmp_reg_3018                               |  16|   0|   16|          0|
    |tmp_reg_3018_pp0_iter1_reg                 |  16|   0|   16|          0|
    |icmp_ln93_reg_3014                         |  64|  32|    1|          0|
    +-------------------------------------------+----+----+-----+-----------+
    |Total                                      | 149|  32|   86|          0|
    +-------------------------------------------+----+----+-----+-----------+



================================================================
== Interface
================================================================
* Summary: 
+---------------------------+-----+-----+------------+----------------------------------------+--------------+
|         RTL Ports         | Dir | Bits|  Protocol  |              Source Object             |    C Type    |
+---------------------------+-----+-----+------------+----------------------------------------+--------------+
|ap_clk                     |   in|    1|  ap_ctrl_hs|  lstm_function_Pipeline_VITIS_LOOP_93_5|  return value|
|ap_rst                     |   in|    1|  ap_ctrl_hs|  lstm_function_Pipeline_VITIS_LOOP_93_5|  return value|
|ap_start                   |   in|    1|  ap_ctrl_hs|  lstm_function_Pipeline_VITIS_LOOP_93_5|  return value|
|ap_done                    |  out|    1|  ap_ctrl_hs|  lstm_function_Pipeline_VITIS_LOOP_93_5|  return value|
|ap_idle                    |  out|    1|  ap_ctrl_hs|  lstm_function_Pipeline_VITIS_LOOP_93_5|  return value|
|ap_ready                   |  out|    1|  ap_ctrl_hs|  lstm_function_Pipeline_VITIS_LOOP_93_5|  return value|
|m_axi_gmem_0_AWVALID       |  out|    1|       m_axi|                                    gmem|       pointer|
|m_axi_gmem_0_AWREADY       |   in|    1|       m_axi|                                    gmem|       pointer|
|m_axi_gmem_0_AWADDR        |  out|   64|       m_axi|                                    gmem|       pointer|
|m_axi_gmem_0_AWID          |  out|    1|       m_axi|                                    gmem|       pointer|
|m_axi_gmem_0_AWLEN         |  out|   32|       m_axi|                                    gmem|       pointer|
|m_axi_gmem_0_AWSIZE        |  out|    3|       m_axi|                                    gmem|       pointer|
|m_axi_gmem_0_AWBURST       |  out|    2|       m_axi|                                    gmem|       pointer|
|m_axi_gmem_0_AWLOCK        |  out|    2|       m_axi|                                    gmem|       pointer|
|m_axi_gmem_0_AWCACHE       |  out|    4|       m_axi|                                    gmem|       pointer|
|m_axi_gmem_0_AWPROT        |  out|    3|       m_axi|                                    gmem|       pointer|
|m_axi_gmem_0_AWQOS         |  out|    4|       m_axi|                                    gmem|       pointer|
|m_axi_gmem_0_AWREGION      |  out|    4|       m_axi|                                    gmem|       pointer|
|m_axi_gmem_0_AWUSER        |  out|    1|       m_axi|                                    gmem|       pointer|
|m_axi_gmem_0_WVALID        |  out|    1|       m_axi|                                    gmem|       pointer|
|m_axi_gmem_0_WREADY        |   in|    1|       m_axi|                                    gmem|       pointer|
|m_axi_gmem_0_WDATA         |  out|   16|       m_axi|                                    gmem|       pointer|
|m_axi_gmem_0_WSTRB         |  out|    2|       m_axi|                                    gmem|       pointer|
|m_axi_gmem_0_WLAST         |  out|    1|       m_axi|                                    gmem|       pointer|
|m_axi_gmem_0_WID           |  out|    1|       m_axi|                                    gmem|       pointer|
|m_axi_gmem_0_WUSER         |  out|    1|       m_axi|                                    gmem|       pointer|
|m_axi_gmem_0_ARVALID       |  out|    1|       m_axi|                                    gmem|       pointer|
|m_axi_gmem_0_ARREADY       |   in|    1|       m_axi|                                    gmem|       pointer|
|m_axi_gmem_0_ARADDR        |  out|   64|       m_axi|                                    gmem|       pointer|
|m_axi_gmem_0_ARID          |  out|    1|       m_axi|                                    gmem|       pointer|
|m_axi_gmem_0_ARLEN         |  out|   32|       m_axi|                                    gmem|       pointer|
|m_axi_gmem_0_ARSIZE        |  out|    3|       m_axi|                                    gmem|       pointer|
|m_axi_gmem_0_ARBURST       |  out|    2|       m_axi|                                    gmem|       pointer|
|m_axi_gmem_0_ARLOCK        |  out|    2|       m_axi|                                    gmem|       pointer|
|m_axi_gmem_0_ARCACHE       |  out|    4|       m_axi|                                    gmem|       pointer|
|m_axi_gmem_0_ARPROT        |  out|    3|       m_axi|                                    gmem|       pointer|
|m_axi_gmem_0_ARQOS         |  out|    4|       m_axi|                                    gmem|       pointer|
|m_axi_gmem_0_ARREGION      |  out|    4|       m_axi|                                    gmem|       pointer|
|m_axi_gmem_0_ARUSER        |  out|    1|       m_axi|                                    gmem|       pointer|
|m_axi_gmem_0_RVALID        |   in|    1|       m_axi|                                    gmem|       pointer|
|m_axi_gmem_0_RREADY        |  out|    1|       m_axi|                                    gmem|       pointer|
|m_axi_gmem_0_RDATA         |   in|   16|       m_axi|                                    gmem|       pointer|
|m_axi_gmem_0_RLAST         |   in|    1|       m_axi|                                    gmem|       pointer|
|m_axi_gmem_0_RID           |   in|    1|       m_axi|                                    gmem|       pointer|
|m_axi_gmem_0_RFIFONUM      |   in|   10|       m_axi|                                    gmem|       pointer|
|m_axi_gmem_0_RUSER         |   in|    1|       m_axi|                                    gmem|       pointer|
|m_axi_gmem_0_RRESP         |   in|    2|       m_axi|                                    gmem|       pointer|
|m_axi_gmem_0_BVALID        |   in|    1|       m_axi|                                    gmem|       pointer|
|m_axi_gmem_0_BREADY        |  out|    1|       m_axi|                                    gmem|       pointer|
|m_axi_gmem_0_BRESP         |   in|    2|       m_axi|                                    gmem|       pointer|
|m_axi_gmem_0_BID           |   in|    1|       m_axi|                                    gmem|       pointer|
|m_axi_gmem_0_BUSER         |   in|    1|       m_axi|                                    gmem|       pointer|
|sext_ln8_1                 |   in|    7|     ap_none|                              sext_ln8_1|        scalar|
|p_cast_cast                |   in|   63|     ap_none|                             p_cast_cast|        scalar|
|circulant_matrix_load      |   in|   16|     ap_none|                   circulant_matrix_load|        scalar|
|circulant_matrix_1_load    |   in|   16|     ap_none|                 circulant_matrix_1_load|        scalar|
|circulant_matrix_2_load    |   in|   16|     ap_none|                 circulant_matrix_2_load|        scalar|
|circulant_matrix_3_load    |   in|   16|     ap_none|                 circulant_matrix_3_load|        scalar|
|circulant_matrix_4_load    |   in|   16|     ap_none|                 circulant_matrix_4_load|        scalar|
|circulant_matrix_5_load    |   in|   16|     ap_none|                 circulant_matrix_5_load|        scalar|
|circulant_matrix_6_load    |   in|   16|     ap_none|                 circulant_matrix_6_load|        scalar|
|circulant_matrix_7_load    |   in|   16|     ap_none|                 circulant_matrix_7_load|        scalar|
|circulant_matrix_8_load    |   in|   16|     ap_none|                 circulant_matrix_8_load|        scalar|
|circulant_matrix_9_load    |   in|   16|     ap_none|                 circulant_matrix_9_load|        scalar|
|circulant_matrix_10_load   |   in|   16|     ap_none|                circulant_matrix_10_load|        scalar|
|circulant_matrix_11_load   |   in|   16|     ap_none|                circulant_matrix_11_load|        scalar|
|circulant_matrix_12_load   |   in|   16|     ap_none|                circulant_matrix_12_load|        scalar|
|circulant_matrix_13_load   |   in|   16|     ap_none|                circulant_matrix_13_load|        scalar|
|circulant_matrix_14_load   |   in|   16|     ap_none|                circulant_matrix_14_load|        scalar|
|circulant_matrix_15_load   |   in|   16|     ap_none|                circulant_matrix_15_load|        scalar|
|circulant_matrix_16_load   |   in|   16|     ap_none|                circulant_matrix_16_load|        scalar|
|circulant_matrix_17_load   |   in|   16|     ap_none|                circulant_matrix_17_load|        scalar|
|circulant_matrix_18_load   |   in|   16|     ap_none|                circulant_matrix_18_load|        scalar|
|circulant_matrix_19_load   |   in|   16|     ap_none|                circulant_matrix_19_load|        scalar|
|circulant_matrix_20_load   |   in|   16|     ap_none|                circulant_matrix_20_load|        scalar|
|circulant_matrix_21_load   |   in|   16|     ap_none|                circulant_matrix_21_load|        scalar|
|circulant_matrix_22_load   |   in|   16|     ap_none|                circulant_matrix_22_load|        scalar|
|circulant_matrix_23_load   |   in|   16|     ap_none|                circulant_matrix_23_load|        scalar|
|circulant_matrix_24_load   |   in|   16|     ap_none|                circulant_matrix_24_load|        scalar|
|circulant_matrix_25_load   |   in|   16|     ap_none|                circulant_matrix_25_load|        scalar|
|circulant_matrix_26_load   |   in|   16|     ap_none|                circulant_matrix_26_load|        scalar|
|circulant_matrix_27_load   |   in|   16|     ap_none|                circulant_matrix_27_load|        scalar|
|circulant_matrix_28_load   |   in|   16|     ap_none|                circulant_matrix_28_load|        scalar|
|circulant_matrix_29_load   |   in|   16|     ap_none|                circulant_matrix_29_load|        scalar|
|circulant_matrix_30_load   |   in|   16|     ap_none|                circulant_matrix_30_load|        scalar|
|circulant_matrix_31_load   |   in|   16|     ap_none|                circulant_matrix_31_load|        scalar|
|circulant_matrix_32_load   |   in|   16|     ap_none|                circulant_matrix_32_load|        scalar|
|circulant_matrix_33_load   |   in|   16|     ap_none|                circulant_matrix_33_load|        scalar|
|circulant_matrix_34_load   |   in|   16|     ap_none|                circulant_matrix_34_load|        scalar|
|circulant_matrix_35_load   |   in|   16|     ap_none|                circulant_matrix_35_load|        scalar|
|circulant_matrix_36_load   |   in|   16|     ap_none|                circulant_matrix_36_load|        scalar|
|circulant_matrix_37_load   |   in|   16|     ap_none|                circulant_matrix_37_load|        scalar|
|circulant_matrix_38_load   |   in|   16|     ap_none|                circulant_matrix_38_load|        scalar|
|circulant_matrix_39_load   |   in|   16|     ap_none|                circulant_matrix_39_load|        scalar|
|circulant_matrix_40_load   |   in|   16|     ap_none|                circulant_matrix_40_load|        scalar|
|circulant_matrix_41_load   |   in|   16|     ap_none|                circulant_matrix_41_load|        scalar|
|circulant_matrix_42_load   |   in|   16|     ap_none|                circulant_matrix_42_load|        scalar|
|circulant_matrix_43_load   |   in|   16|     ap_none|                circulant_matrix_43_load|        scalar|
|circulant_matrix_44_load   |   in|   16|     ap_none|                circulant_matrix_44_load|        scalar|
|circulant_matrix_45_load   |   in|   16|     ap_none|                circulant_matrix_45_load|        scalar|
|circulant_matrix_46_load   |   in|   16|     ap_none|                circulant_matrix_46_load|        scalar|
|circulant_matrix_47_load   |   in|   16|     ap_none|                circulant_matrix_47_load|        scalar|
|circulant_matrix_48_load   |   in|   16|     ap_none|                circulant_matrix_48_load|        scalar|
|circulant_matrix_49_load   |   in|   16|     ap_none|                circulant_matrix_49_load|        scalar|
|circulant_matrix_50_load   |   in|   16|     ap_none|                circulant_matrix_50_load|        scalar|
|circulant_matrix_51_load   |   in|   16|     ap_none|                circulant_matrix_51_load|        scalar|
|circulant_matrix_52_load   |   in|   16|     ap_none|                circulant_matrix_52_load|        scalar|
|circulant_matrix_53_load   |   in|   16|     ap_none|                circulant_matrix_53_load|        scalar|
|circulant_matrix_54_load   |   in|   16|     ap_none|                circulant_matrix_54_load|        scalar|
|circulant_matrix_55_load   |   in|   16|     ap_none|                circulant_matrix_55_load|        scalar|
|circulant_matrix_56_load   |   in|   16|     ap_none|                circulant_matrix_56_load|        scalar|
|circulant_matrix_57_load   |   in|   16|     ap_none|                circulant_matrix_57_load|        scalar|
|circulant_matrix_58_load   |   in|   16|     ap_none|                circulant_matrix_58_load|        scalar|
|circulant_matrix_59_load   |   in|   16|     ap_none|                circulant_matrix_59_load|        scalar|
|circulant_matrix_60_load   |   in|   16|     ap_none|                circulant_matrix_60_load|        scalar|
|circulant_matrix_61_load   |   in|   16|     ap_none|                circulant_matrix_61_load|        scalar|
|circulant_matrix_62_load   |   in|   16|     ap_none|                circulant_matrix_62_load|        scalar|
|circulant_matrix_63_load   |   in|   16|     ap_none|                circulant_matrix_63_load|        scalar|
|circulant_matrix_64_load   |   in|   16|     ap_none|                circulant_matrix_64_load|        scalar|
|circulant_matrix_65_load   |   in|   16|     ap_none|                circulant_matrix_65_load|        scalar|
|circulant_matrix_66_load   |   in|   16|     ap_none|                circulant_matrix_66_load|        scalar|
|circulant_matrix_67_load   |   in|   16|     ap_none|                circulant_matrix_67_load|        scalar|
|circulant_matrix_68_load   |   in|   16|     ap_none|                circulant_matrix_68_load|        scalar|
|circulant_matrix_69_load   |   in|   16|     ap_none|                circulant_matrix_69_load|        scalar|
|circulant_matrix_70_load   |   in|   16|     ap_none|                circulant_matrix_70_load|        scalar|
|circulant_matrix_71_load   |   in|   16|     ap_none|                circulant_matrix_71_load|        scalar|
|circulant_matrix_72_load   |   in|   16|     ap_none|                circulant_matrix_72_load|        scalar|
|circulant_matrix_73_load   |   in|   16|     ap_none|                circulant_matrix_73_load|        scalar|
|circulant_matrix_74_load   |   in|   16|     ap_none|                circulant_matrix_74_load|        scalar|
|circulant_matrix_75_load   |   in|   16|     ap_none|                circulant_matrix_75_load|        scalar|
|circulant_matrix_76_load   |   in|   16|     ap_none|                circulant_matrix_76_load|        scalar|
|circulant_matrix_77_load   |   in|   16|     ap_none|                circulant_matrix_77_load|        scalar|
|circulant_matrix_78_load   |   in|   16|     ap_none|                circulant_matrix_78_load|        scalar|
|circulant_matrix_79_load   |   in|   16|     ap_none|                circulant_matrix_79_load|        scalar|
|circulant_matrix_80_load   |   in|   16|     ap_none|                circulant_matrix_80_load|        scalar|
|circulant_matrix_81_load   |   in|   16|     ap_none|                circulant_matrix_81_load|        scalar|
|circulant_matrix_82_load   |   in|   16|     ap_none|                circulant_matrix_82_load|        scalar|
|circulant_matrix_83_load   |   in|   16|     ap_none|                circulant_matrix_83_load|        scalar|
|circulant_matrix_84_load   |   in|   16|     ap_none|                circulant_matrix_84_load|        scalar|
|circulant_matrix_85_load   |   in|   16|     ap_none|                circulant_matrix_85_load|        scalar|
|circulant_matrix_86_load   |   in|   16|     ap_none|                circulant_matrix_86_load|        scalar|
|circulant_matrix_87_load   |   in|   16|     ap_none|                circulant_matrix_87_load|        scalar|
|circulant_matrix_88_load   |   in|   16|     ap_none|                circulant_matrix_88_load|        scalar|
|circulant_matrix_89_load   |   in|   16|     ap_none|                circulant_matrix_89_load|        scalar|
|circulant_matrix_90_load   |   in|   16|     ap_none|                circulant_matrix_90_load|        scalar|
|circulant_matrix_91_load   |   in|   16|     ap_none|                circulant_matrix_91_load|        scalar|
|circulant_matrix_92_load   |   in|   16|     ap_none|                circulant_matrix_92_load|        scalar|
|circulant_matrix_93_load   |   in|   16|     ap_none|                circulant_matrix_93_load|        scalar|
|circulant_matrix_94_load   |   in|   16|     ap_none|                circulant_matrix_94_load|        scalar|
|circulant_matrix_95_load   |   in|   16|     ap_none|                circulant_matrix_95_load|        scalar|
|circulant_matrix_96_load   |   in|   16|     ap_none|                circulant_matrix_96_load|        scalar|
|circulant_matrix_97_load   |   in|   16|     ap_none|                circulant_matrix_97_load|        scalar|
|circulant_matrix_98_load   |   in|   16|     ap_none|                circulant_matrix_98_load|        scalar|
|circulant_matrix_99_load   |   in|   16|     ap_none|                circulant_matrix_99_load|        scalar|
|circulant_matrix_100_load  |   in|   16|     ap_none|               circulant_matrix_100_load|        scalar|
|circulant_matrix_101_load  |   in|   16|     ap_none|               circulant_matrix_101_load|        scalar|
|circulant_matrix_102_load  |   in|   16|     ap_none|               circulant_matrix_102_load|        scalar|
|circulant_matrix_103_load  |   in|   16|     ap_none|               circulant_matrix_103_load|        scalar|
|circulant_matrix_104_load  |   in|   16|     ap_none|               circulant_matrix_104_load|        scalar|
|circulant_matrix_105_load  |   in|   16|     ap_none|               circulant_matrix_105_load|        scalar|
|circulant_matrix_106_load  |   in|   16|     ap_none|               circulant_matrix_106_load|        scalar|
|circulant_matrix_107_load  |   in|   16|     ap_none|               circulant_matrix_107_load|        scalar|
|circulant_matrix_108_load  |   in|   16|     ap_none|               circulant_matrix_108_load|        scalar|
|circulant_matrix_109_load  |   in|   16|     ap_none|               circulant_matrix_109_load|        scalar|
|circulant_matrix_110_load  |   in|   16|     ap_none|               circulant_matrix_110_load|        scalar|
|circulant_matrix_111_load  |   in|   16|     ap_none|               circulant_matrix_111_load|        scalar|
|circulant_matrix_112_load  |   in|   16|     ap_none|               circulant_matrix_112_load|        scalar|
|circulant_matrix_113_load  |   in|   16|     ap_none|               circulant_matrix_113_load|        scalar|
|circulant_matrix_114_load  |   in|   16|     ap_none|               circulant_matrix_114_load|        scalar|
|circulant_matrix_115_load  |   in|   16|     ap_none|               circulant_matrix_115_load|        scalar|
|circulant_matrix_116_load  |   in|   16|     ap_none|               circulant_matrix_116_load|        scalar|
|circulant_matrix_117_load  |   in|   16|     ap_none|               circulant_matrix_117_load|        scalar|
|circulant_matrix_118_load  |   in|   16|     ap_none|               circulant_matrix_118_load|        scalar|
|circulant_matrix_119_load  |   in|   16|     ap_none|               circulant_matrix_119_load|        scalar|
|circulant_matrix_120_load  |   in|   16|     ap_none|               circulant_matrix_120_load|        scalar|
|circulant_matrix_121_load  |   in|   16|     ap_none|               circulant_matrix_121_load|        scalar|
|circulant_matrix_122_load  |   in|   16|     ap_none|               circulant_matrix_122_load|        scalar|
|circulant_matrix_123_load  |   in|   16|     ap_none|               circulant_matrix_123_load|        scalar|
|circulant_matrix_124_load  |   in|   16|     ap_none|               circulant_matrix_124_load|        scalar|
|circulant_matrix_125_load  |   in|   16|     ap_none|               circulant_matrix_125_load|        scalar|
|circulant_matrix_126_load  |   in|   16|     ap_none|               circulant_matrix_126_load|        scalar|
|circulant_matrix_127_load  |   in|   16|     ap_none|               circulant_matrix_127_load|        scalar|
|circulant_matrix_128_load  |   in|   16|     ap_none|               circulant_matrix_128_load|        scalar|
|circulant_matrix_129_load  |   in|   16|     ap_none|               circulant_matrix_129_load|        scalar|
|circulant_matrix_130_load  |   in|   16|     ap_none|               circulant_matrix_130_load|        scalar|
|circulant_matrix_131_load  |   in|   16|     ap_none|               circulant_matrix_131_load|        scalar|
|circulant_matrix_132_load  |   in|   16|     ap_none|               circulant_matrix_132_load|        scalar|
|circulant_matrix_133_load  |   in|   16|     ap_none|               circulant_matrix_133_load|        scalar|
|circulant_matrix_134_load  |   in|   16|     ap_none|               circulant_matrix_134_load|        scalar|
|circulant_matrix_135_load  |   in|   16|     ap_none|               circulant_matrix_135_load|        scalar|
|circulant_matrix_136_load  |   in|   16|     ap_none|               circulant_matrix_136_load|        scalar|
|circulant_matrix_137_load  |   in|   16|     ap_none|               circulant_matrix_137_load|        scalar|
|circulant_matrix_138_load  |   in|   16|     ap_none|               circulant_matrix_138_load|        scalar|
|circulant_matrix_139_load  |   in|   16|     ap_none|               circulant_matrix_139_load|        scalar|
|circulant_matrix_140_load  |   in|   16|     ap_none|               circulant_matrix_140_load|        scalar|
|circulant_matrix_141_load  |   in|   16|     ap_none|               circulant_matrix_141_load|        scalar|
|circulant_matrix_142_load  |   in|   16|     ap_none|               circulant_matrix_142_load|        scalar|
|circulant_matrix_143_load  |   in|   16|     ap_none|               circulant_matrix_143_load|        scalar|
|circulant_matrix_144_load  |   in|   16|     ap_none|               circulant_matrix_144_load|        scalar|
|circulant_matrix_145_load  |   in|   16|     ap_none|               circulant_matrix_145_load|        scalar|
|circulant_matrix_146_load  |   in|   16|     ap_none|               circulant_matrix_146_load|        scalar|
|circulant_matrix_147_load  |   in|   16|     ap_none|               circulant_matrix_147_load|        scalar|
|circulant_matrix_148_load  |   in|   16|     ap_none|               circulant_matrix_148_load|        scalar|
|circulant_matrix_149_load  |   in|   16|     ap_none|               circulant_matrix_149_load|        scalar|
|circulant_matrix_150_load  |   in|   16|     ap_none|               circulant_matrix_150_load|        scalar|
|circulant_matrix_151_load  |   in|   16|     ap_none|               circulant_matrix_151_load|        scalar|
|circulant_matrix_152_load  |   in|   16|     ap_none|               circulant_matrix_152_load|        scalar|
|circulant_matrix_153_load  |   in|   16|     ap_none|               circulant_matrix_153_load|        scalar|
|circulant_matrix_154_load  |   in|   16|     ap_none|               circulant_matrix_154_load|        scalar|
|circulant_matrix_155_load  |   in|   16|     ap_none|               circulant_matrix_155_load|        scalar|
|circulant_matrix_156_load  |   in|   16|     ap_none|               circulant_matrix_156_load|        scalar|
|circulant_matrix_157_load  |   in|   16|     ap_none|               circulant_matrix_157_load|        scalar|
|circulant_matrix_158_load  |   in|   16|     ap_none|               circulant_matrix_158_load|        scalar|
|circulant_matrix_159_load  |   in|   16|     ap_none|               circulant_matrix_159_load|        scalar|
|circulant_matrix_160_load  |   in|   16|     ap_none|               circulant_matrix_160_load|        scalar|
|circulant_matrix_161_load  |   in|   16|     ap_none|               circulant_matrix_161_load|        scalar|
|circulant_matrix_162_load  |   in|   16|     ap_none|               circulant_matrix_162_load|        scalar|
|circulant_matrix_163_load  |   in|   16|     ap_none|               circulant_matrix_163_load|        scalar|
|circulant_matrix_164_load  |   in|   16|     ap_none|               circulant_matrix_164_load|        scalar|
|circulant_matrix_165_load  |   in|   16|     ap_none|               circulant_matrix_165_load|        scalar|
|circulant_matrix_166_load  |   in|   16|     ap_none|               circulant_matrix_166_load|        scalar|
|circulant_matrix_167_load  |   in|   16|     ap_none|               circulant_matrix_167_load|        scalar|
|circulant_matrix_168_load  |   in|   16|     ap_none|               circulant_matrix_168_load|        scalar|
|circulant_matrix_169_load  |   in|   16|     ap_none|               circulant_matrix_169_load|        scalar|
|circulant_matrix_170_load  |   in|   16|     ap_none|               circulant_matrix_170_load|        scalar|
|circulant_matrix_171_load  |   in|   16|     ap_none|               circulant_matrix_171_load|        scalar|
|circulant_matrix_172_load  |   in|   16|     ap_none|               circulant_matrix_172_load|        scalar|
|circulant_matrix_173_load  |   in|   16|     ap_none|               circulant_matrix_173_load|        scalar|
|circulant_matrix_174_load  |   in|   16|     ap_none|               circulant_matrix_174_load|        scalar|
|circulant_matrix_175_load  |   in|   16|     ap_none|               circulant_matrix_175_load|        scalar|
|circulant_matrix_176_load  |   in|   16|     ap_none|               circulant_matrix_176_load|        scalar|
|circulant_matrix_177_load  |   in|   16|     ap_none|               circulant_matrix_177_load|        scalar|
|circulant_matrix_178_load  |   in|   16|     ap_none|               circulant_matrix_178_load|        scalar|
|circulant_matrix_179_load  |   in|   16|     ap_none|               circulant_matrix_179_load|        scalar|
|circulant_matrix_180_load  |   in|   16|     ap_none|               circulant_matrix_180_load|        scalar|
|circulant_matrix_181_load  |   in|   16|     ap_none|               circulant_matrix_181_load|        scalar|
|circulant_matrix_182_load  |   in|   16|     ap_none|               circulant_matrix_182_load|        scalar|
|circulant_matrix_183_load  |   in|   16|     ap_none|               circulant_matrix_183_load|        scalar|
|circulant_matrix_184_load  |   in|   16|     ap_none|               circulant_matrix_184_load|        scalar|
|circulant_matrix_185_load  |   in|   16|     ap_none|               circulant_matrix_185_load|        scalar|
|circulant_matrix_186_load  |   in|   16|     ap_none|               circulant_matrix_186_load|        scalar|
|circulant_matrix_187_load  |   in|   16|     ap_none|               circulant_matrix_187_load|        scalar|
|circulant_matrix_188_load  |   in|   16|     ap_none|               circulant_matrix_188_load|        scalar|
|circulant_matrix_189_load  |   in|   16|     ap_none|               circulant_matrix_189_load|        scalar|
|circulant_matrix_190_load  |   in|   16|     ap_none|               circulant_matrix_190_load|        scalar|
|circulant_matrix_191_load  |   in|   16|     ap_none|               circulant_matrix_191_load|        scalar|
|circulant_matrix_192_load  |   in|   16|     ap_none|               circulant_matrix_192_load|        scalar|
|circulant_matrix_193_load  |   in|   16|     ap_none|               circulant_matrix_193_load|        scalar|
|circulant_matrix_194_load  |   in|   16|     ap_none|               circulant_matrix_194_load|        scalar|
|circulant_matrix_195_load  |   in|   16|     ap_none|               circulant_matrix_195_load|        scalar|
|circulant_matrix_196_load  |   in|   16|     ap_none|               circulant_matrix_196_load|        scalar|
|circulant_matrix_197_load  |   in|   16|     ap_none|               circulant_matrix_197_load|        scalar|
|circulant_matrix_198_load  |   in|   16|     ap_none|               circulant_matrix_198_load|        scalar|
|circulant_matrix_199_load  |   in|   16|     ap_none|               circulant_matrix_199_load|        scalar|
|p_out                      |  out|   16|      ap_vld|                                   p_out|       pointer|
|p_out_ap_vld               |  out|    1|      ap_vld|                                   p_out|       pointer|
+---------------------------+-----+-----+------------+----------------------------------------+--------------+

